2026-01-08 06:38:03  === Diagnose gestartet für Canon MF750C @ 10.24.10.212 ===
2026-01-08 06:38:03  Starte Ping-Test...
2026-01-08 06:38:06  Ping erfolgreich. Durchschnittliche Antwortzeit:  ms
2026-01-08 06:38:06  Prüfe ARP-Eintrag...
2026-01-08 06:38:06  ARP-Eintrag gefunden:   10.24.10.212          f8-a2-6d-ee-79-99     dynamisch 
2026-01-08 06:38:06  Starte Port-Checks...
2026-01-08 06:38:06  Port offen: HTTP 80
2026-01-08 06:38:06  Port offen: RAW 9100
2026-01-08 06:38:06  Port offen: IPP 631
2026-01-08 06:38:06  Port offen: LPD 515
2026-01-08 06:38:06  Port offen: HTTPS 443
2026-01-08 06:38:06  SNMP-Abfrage (sysDescr)...
2026-01-08 06:38:06  SNMP-Tool nicht verfügbar oder Fehler: The term 'snmpget' is not recognized as a name of a cmdlet, function, script file, or executable program.
Check the spelling of the name, or if a path was included, verify that the path is correct and try again.
2026-01-08 06:38:06  Teste Webinterface...
2026-01-08 06:38:06  Webinterface erreichbar. HTTP Status: 200
2026-01-08 06:38:06  Prüfe IPP-Druckerstatus...
2026-01-08 06:38:06  IPP nicht erreichbar oder nicht aktiviert.
2026-01-08 06:38:06  Prüfe lokale Druckwarteschlangen...
2026-01-08 06:38:07  Keine lokale Queue für diesen Drucker gefunden.
2026-01-08 06:38:07  Erzeuge Testseite (nur Simulation)...
2026-01-08 06:38:07  Testseite erzeugt (nicht gesendet).
2026-01-08 06:38:07  === Diagnose abgeschlossen ===
